// Jest Snapshot v1, https://goo.gl/fbAQLP

exports[
  `<Button /> should render hot gradient background Button by default 1`
] = `
.c0 {
  display: -webkit-inline-box;
  display: -webkit-inline-flex;
  display: -ms-inline-flexbox;
  display: inline-flex;
  -webkit-align-items: center;
  -webkit-box-align: center;
  -ms-flex-align: center;
  align-items: center;
  -webkit-box-pack: center;
  -webkit-justify-content: center;
  -ms-flex-pack: center;
  justify-content: center;
  color: #FAFAFA;
  border: 0;
  cursor: pointer;
  font-family: Poppins,-apple-system,BlinkMacSystemFont,'Segoe UI',Roboto,Oxygen,Ubuntu,Cantarell,'Open Sans','Helvetica Neue',sans-serif;
  border-radius: 0.4rem;
  padding: 0.8rem;
  -webkit-text-decoration: none;
  text-decoration: none;
  font-weight: 600;
  height: 5rem;
  font-size: 1.6rem;
  padding: 0.8rem 4.8rem;
  background: linear-gradient(90deg,#ffbf3a -40%,#d90726 185.31%);
}

.c0:hover {
  background: linear-gradient(90deg,#72c042 -99.98%,#0092d3 193.73%);
}

<button
  class="c0"
>
  <span>
    Deputado Jeferson Fernandes
  </span>
</button>
`
