// Jest Snapshot v1, https://goo.gl/fbAQLP

exports[`<SubscribeCard /> should render the heading 1`] = `
.c4 {
  display: -webkit-inline-box;
  display: -webkit-inline-flex;
  display: -ms-inline-flexbox;
  display: inline-flex;
  -webkit-align-items: center;
  -webkit-box-align: center;
  -ms-flex-align: center;
  align-items: center;
  -webkit-box-pack: center;
  -webkit-justify-content: center;
  -ms-flex-pack: center;
  justify-content: center;
  border: 0;
  cursor: pointer;
  font-family: Poppins,-apple-system,BlinkMacSystemFont,'Segoe UI',Roboto,Oxygen,Ubuntu,Cantarell,'Open Sans','Helvetica Neue',sans-serif;
  border-radius: 0.4rem;
  padding: 0.8rem;
  -webkit-text-decoration: none;
  text-decoration: none;
  font-weight: 600;
  height: 3rem;
  font-size: 1.2rem;
  background: '#FAFAFA';
}

.c4:hover {
  background: linear-gradient(90deg,#72c042 -99.98%,#0092d3 193.73%);
}

.c0 {
  background: #EC6330;
  border-radius: 0.4rem;
  padding: 1.6rem;
  display: grid;
  height: 29.7rem;
}

.c1 {
  text-align: center;
  padding: 1.6rem;
}

.c2 {
  font-size: 1.6rem;
  font-weight: 600;
  color: #FAFAFA;
}

.c3 {
  font-size: 1.6rem;
  font-weight: 300;
  color: #FAFAFA;
  margin-bottom: 1.6rem;
}

<main
  class="c0"
>
  <div
    class="c1"
  >
    <div
      class="c2"
    >
      Acopanhe nosso mandato!
    </div>
    <div
      class="c3"
    >
      Fique por dentro de not√≠cias e novidades
    </div>
    <div>
      <input />
      <input />
      <input />
      <input />
    </div>
    <button
      class="c4"
    >
      <span>
        enviar
      </span>
    </button>
  </div>
</main>
`
