// Jest Snapshot v1, https://goo.gl/fbAQLP

exports[`<Footer /> should render 4 column topics 1`] = `
.c6 {
  display: inline-block;
  vertical-align: middle;
  overflow: hidden;
}

.c7 {
  color: #FAFAFA;
  font-size: 1.6rem;
}

.c3 {
  width: 37rem;
  height: 14rem;
}

.c0 {
  display: -webkit-box;
  display: -webkit-flex;
  display: -ms-flexbox;
  display: flex;
  -webkit-flex-direction: column;
  -ms-flex-direction: column;
  flex-direction: column;
  margin-top: 3.2rem;
}

.c1 {
  margin-bottom: 0.8rem;
}

.c1 a,
.c1 span {
  display: block;
  color: #FAFAFA;
  -webkit-text-decoration: none;
  text-decoration: none;
  margin-bottom: 0.8rem;
  font-size: 1.4rem;
}

.c1 a {
  word-wrap: break-word;
  overflow-wrap: break-word;
}

.c1 a:hover {
  -webkit-text-decoration: underline;
  text-decoration: underline;
}

.c8 {
  color: #8F8F8F;
  font-size: 1.2rem;
  margin-top: 4.0rem;
  margin-bottom: 3.2rem;
  text-align: center;
}

.c4 {
  display: -webkit-box;
  display: -webkit-flex;
  display: -ms-flexbox;
  display: flex;
  -webkit-align-items: center;
  -webkit-box-align: center;
  -ms-flex-align: center;
  align-items: center;
  -webkit-box-pack: end;
  -webkit-justify-content: flex-end;
  -ms-flex-pack: end;
  justify-content: flex-end;
  margin-top: 2.4rem;
}

.c5 {
  color: #FAFAFA;
  cursor: pointer;
  width: 3rem;
  height: 3rem;
}

.c5 > a {
  color: #FAFAFA;
}

.c2 {
  display: -webkit-box;
  display: -webkit-flex;
  display: -ms-flexbox;
  display: flex;
  -webkit-align-items: center;
  -webkit-box-align: center;
  -ms-flex-align: center;
  align-items: center;
  -webkit-box-pack: end;
  -webkit-justify-content: flex-end;
  -ms-flex-pack: end;
  justify-content: flex-end;
}

@media (min-width:768px) {
  .c0 {
    -webkit-flex-direction: row-reverse;
    -ms-flex-direction: row-reverse;
    flex-direction: row-reverse;
    -webkit-box-pack: justify;
    -webkit-justify-content: space-between;
    -ms-flex-pack: justify;
    justify-content: space-between;
  }
}

<main
  class=""
>
  <div
    class="c0"
  >
    <div
      class="c1"
    >
      <div
        class="c2"
      >
        <div
          class="c3"
        >
          <svg
            aria-label="Deputado Jeferson Fernandes2"
            fill="none"
            role="img"
            viewBox="0 0 672 263"
            xmlns="http://www.w3.org/2000/svg"
          >
            <path
              clip-rule="evenodd"
              d="M122.737 11.0188 94.6803 100.774c-2.4017 7.662 1.8772 15.904 9.5427 18.323 7.665 2.419 15.929-1.868 18.33-9.539l28.058-89.755c2.401-7.6621-1.878-15.90359-9.543-18.3227-7.665-2.409909-15.938 1.87642-18.331 9.5385Z"
              fill="url(#a)"
              fill-rule="evenodd"
            />
            <path
              clip-rule="evenodd"
              d="m164.699 119.814 94.072-.046c8.034 0 14.623-6.54 14.641-14.57.018-8.0297-6.543-14.6431-14.576-14.6339l-94.073.046c-8.033 0-14.622 6.5399-14.64 14.5699-.019 8.03 6.542 14.634 14.576 14.634Z"
              fill="url(#b)"
              fill-rule="evenodd"
            />
            <path
              clip-rule="evenodd"
              d="m6.21122 117.137 77.05818 53.938c6.5795 4.609 15.7263 3.036 20.3546-3.532 4.629-6.567 3.046-15.738-3.533-20.346L23.0326 93.25c-6.5795-4.6083-15.73554-3.0354-20.36418 3.532-4.61944 6.577-3.04589 15.747 3.5428 20.355Z"
              fill="url(#c)"
              fill-rule="evenodd"
            />
            <path
              clip-rule="evenodd"
              d="m267.256 117.137-77.058 53.938c-6.58 4.609-15.736 3.036-20.355-3.532-4.629-6.567-3.046-15.738 3.533-20.346l77.059-53.9378c6.579-4.6083 15.735-3.0354 20.355 3.532 4.628 6.5678 3.046 15.7378-3.534 20.3458Z"
              fill="#fff"
              fill-rule="evenodd"
            />
            <path
              clip-rule="evenodd"
              d="m226.804 243.051-31.168-88.726c-2.659-7.579-11.014-11.635-18.606-8.986-7.592 2.64-11.65 11.019-8.991 18.599l31.168 88.725c2.659 7.579 11.015 11.635 18.606 8.986 7.583-2.649 11.65-11.019 8.991-18.598Z"
              fill="url(#d)"
              fill-rule="evenodd"
            />
            <path
              clip-rule="evenodd"
              d="m221.651 236.06-76.249-55.078c-6.506-4.701-15.68-3.266-20.41 3.228-4.721 6.494-3.276 15.692 3.23 20.392l76.248 55.079c6.515 4.7 15.681 3.265 20.411-3.229 4.729-6.494 3.285-15.692-3.23-20.392Z"
              fill="#fff"
              fill-rule="evenodd"
            />
            <path
              clip-rule="evenodd"
              d="m51.817 236.06 76.248-55.078c6.515-4.701 15.69-3.266 20.411 3.228 4.72 6.494 3.276 15.692-3.23 20.392l-76.2487 55.079c-6.5151 4.7-15.6896 3.265-20.4103-3.229-4.7298-6.494-3.2851-15.692 3.23-20.392Z"
              fill="url(#e)"
              fill-rule="evenodd"
            />
            <path
              clip-rule="evenodd"
              d="m46.6729 243.051 31.1674-88.716c2.6594-7.58 11.0149-11.636 18.6066-8.987 7.5921 2.64 11.6591 11.02 8.9901 18.599l-31.1671 88.706c-2.6686 7.58-11.0149 11.636-18.6066 8.987-7.5917-2.64-11.659-11.01-8.9904-18.589ZM14.5761 119.814l94.0729-.046c8.033 0 14.622-6.54 14.64-14.57.019-8.0297-6.542-14.6431-14.585-14.6339l-94.0635.0368c-8.03337 0-14.6220572 6.5399-14.64046138 14.5701C-.0183655 113.21 6.54271 119.814 14.5761 119.814ZM150.518 11.0188l28.057 89.7552c2.402 7.662-1.877 15.904-9.542 18.323-7.666 2.419-15.929-1.868-18.331-9.539l-28.057-89.755c-2.402-7.6621 1.877-15.90359 9.543-18.3227 7.665-2.409909 15.938 1.87642 18.33 9.5385ZM259.269 199.985c3.506 2.143 6.91 3.219 10.205 3.219 3.432 0 5.825-1.094 7.141-3.274 1.325-2.18 1.987-5.565 1.987-10.146v-58.242c2.126-.433 4.942-.644 8.429-.644 3.488 0 6.377.211 8.65.644v56.633c0 4.571-.395 8.683-1.178 12.288-.782 3.615-2.134 6.678-4.067 9.18-1.932 2.502-4.491 4.424-7.656 5.74-3.184 1.324-7.159 1.986-11.935 1.986-6.644 0-12.478-1.572-17.475-4.727.782-4.921 2.752-9.143 5.899-12.657Zm92.333-5.041h-27.928c.147 3.183.966 5.676 2.448 7.442 1.5 1.775 3.975 2.649 7.389 2.649 1.721 0 3.69-.249 5.945-.736 2.236-.488 4.831-1.269 7.748-2.382 2.346 2.437 3.809 5.721 4.389 9.878-5.724 4.084-12.745 6.117-21.054 6.117-4.509 0-8.291-.717-11.328-2.143-3.046-1.435-5.512-3.44-7.408-6.016-1.895-2.575-3.239-5.62-4.03-9.124-.792-3.505-1.178-7.34-1.178-11.489 0-4.01.478-7.717 1.454-11.111.966-3.403 2.438-6.356 4.408-8.858 1.969-2.502 4.472-4.47 7.518-5.905 3.046-1.435 6.607-2.143 10.683-2.143 3.442 0 6.534.57 9.294 1.72 2.752 1.15 5.098 2.713 7.04 4.719 1.932 2.005 3.414 4.405 4.454 7.193 1.04 2.787 1.555 5.831 1.555 9.124 0 4.369-.46 8.058-1.399 11.065Zm-28.029-11.598h14.07v-1.187c0-2.649-.589-4.829-1.758-6.549-1.178-1.72-2.935-2.576-5.282-2.576-2.273 0-3.957.81-5.061 2.41-1.086 1.628-1.748 4.259-1.969 7.902Zm46.332 32.956v-41.971l-9.239.111c-.432-1.775-.644-3.725-.644-5.85 0-2.125.212-4.112.644-5.961l8.374.111c-.359-2.649-.534-10.504-.534-12.648 0-5.371 1.74-9.823 5.209-13.364 3.469-3.542 8.006-5.317 13.591-5.317 5.586 0 11.061 1.003 16.435 3.008.074 1.858-.257 3.891-.966 6.061-.709 2.18-1.61 3.845-2.687 4.995-3.368-1.003-6.119-1.499-8.273-1.499-4.794 0-7.196 2.465-7.196 7.404 0 2.079.148 9.539.433 11.47l14.07-.211c.432 1.839.644 3.826.644 5.96 0 2.125-.212 4.075-.644 5.85l-12.892-.212v42.082c-2.439.432-5.117.644-8.052.644-2.936-.019-5.696-.23-8.273-.663Zm80.27-21.358h-27.928c.147 3.183.966 5.676 2.457 7.442 1.5 1.775 3.975 2.649 7.389 2.649 1.721 0 3.69-.249 5.944-.736 2.236-.488 4.831-1.269 7.749-2.382 2.346 2.437 3.809 5.721 4.389 9.878-5.733 4.084-12.745 6.117-21.054 6.117-4.509 0-8.292-.717-11.328-2.143-3.046-1.435-5.512-3.44-7.408-6.016-1.895-2.575-3.239-5.62-4.03-9.124-.792-3.505-1.178-7.34-1.178-11.489 0-4.01.478-7.717 1.444-11.111.967-3.403 2.439-6.356 4.408-8.858 1.97-2.502 4.472-4.47 7.518-5.905 3.046-1.435 6.607-2.143 10.684-2.143 3.432 0 6.533.57 9.294 1.72s5.098 2.713 7.03 4.719c1.933 2.005 3.414 4.405 4.454 7.193 1.04 2.787 1.555 5.831 1.555 9.124.01 4.369-.46 8.058-1.389 11.065Zm-28.03-11.598h14.07v-1.187c0-2.649-.589-4.829-1.757-6.549-1.178-1.72-2.936-2.576-5.282-2.576-2.273 0-3.957.81-5.061 2.41-1.095 1.628-1.758 4.259-1.97 7.902Zm40.103-12.878c.359-1.435 1.04-3.026 2.043-4.774 1.003-1.756 2.006-3.026 3.009-3.808 6.589.497 11.171 3.762 13.748 9.769 2.724-6.439 7.196-9.658 13.426-9.658 1.859 0 4.223.285 7.085.855 0 2.217-.377 4.848-1.132 7.892-.754 3.045-1.766 5.639-3.064 7.782-1.215-.433-3.046-.791-5.475-1.076-3.58 0-6.515 1.821-8.806 5.472v33.39c-2.365.432-5.135.644-8.328.644-3.184 0-5.991-.212-8.429-.644v-34.677c.009-5.372-1.353-9.097-4.077-11.167Zm45.256 42.192c.073-1.858.552-3.9 1.454-6.117.892-2.217 1.951-3.973 3.165-5.261 5.724 3.008 10.702 4.507 14.926 4.507 2.006 0 3.543-.34 4.62-1.021 1.076-.681 1.61-1.591 1.61-2.741 0-2.143-1.647-3.753-4.942-4.829l-5.907-2.254c-8.954-3.293-13.426-8.655-13.426-16.106 0-5.436 1.877-9.75 5.641-12.932 3.763-3.183 8.824-4.774 15.192-4.774 3.157 0 6.626.451 10.417 1.343 3.8.892 6.911 1.95 9.34 3.164.147 2.005-.248 4.204-1.178 6.604-.929 2.401-2.079 4.103-3.432 5.096-6.018-2.722-11.024-4.075-15.036-4.075-1.436 0-2.522.322-3.276.966-.755.644-1.123 1.472-1.123 2.465 0 1.72 1.362 3.082 4.077 4.084l6.662 2.364c9.524 3.367 14.282 9.125 14.282 17.283 0 5.372-1.97 9.631-5.908 12.777-3.939 3.145-9.561 4.718-16.868 4.718-7.288-.009-14.06-1.757-20.29-5.261Zm94.238-45.2c5.153 5.151 7.73 12.528 7.73 22.113 0 4.295-.552 8.195-1.666 11.7-1.113 3.504-2.723 6.494-4.831 8.959-2.116 2.474-4.711 4.369-7.785 5.693-3.082 1.325-6.625 1.987-10.637 1.987-4.012 0-7.537-.681-10.583-2.042-3.045-1.361-5.622-3.274-7.729-5.739-2.117-2.466-3.709-5.455-4.785-8.969-1.077-3.504-1.611-7.367-1.611-11.598 0-4.296.534-8.178 1.611-11.645 1.076-3.468 2.65-6.457 4.73-8.959 2.07-2.502 4.656-4.434 7.729-5.795 3.083-1.361 6.626-2.042 10.638-2.042 7.095 0 12.818 2.115 17.189 6.337Zm-17.134 6.228c-1.592 0-2.862.377-3.828 1.131-.985.754-1.758 1.775-2.328 3.063-.589 1.288-.985 2.778-1.196 4.452-.212 1.683-.322 3.486-.322 5.417 0 3.008.092 5.602.266 7.782.184 2.18.534 4.01 1.095 5.473.543 1.472 1.289 2.557 2.255 3.274.985.718 2.254 1.077 3.846 1.077 3.166 0 5.264-1.38 6.267-4.13 1.021-2.751 1.518-6.669 1.518-11.755 0-5.151-.497-9.07-1.518-11.756-1.003-2.686-3.028-4.028-6.055-4.028Zm84.411 7.192v22.012c0 4.727.855 8.269 2.576 10.623-2.724 2.438-5.981 3.652-9.772 3.652-3.727 0-6.267-.855-7.629-2.575-1.362-1.72-2.043-4.333-2.043-7.837v-22.867c0-2.437-.322-4.222-.966-5.362-.644-1.15-1.896-1.72-3.754-1.72-1.077 0-2.292.285-3.654.855-1.362.57-2.76 1.499-4.187 2.787v35.854c-1.214.212-2.539.378-3.975.488-1.426.11-2.899.156-4.398.156-1.5 0-2.973-.055-4.399-.156-1.436-.11-2.761-.267-3.975-.488v-53.569l.754-.755h6.331c4.371 0 7.307 2.144 8.807 6.439 5.015-4.433 9.984-6.659 14.925-6.659 5.016 0 8.825 1.738 11.439 5.206 2.613 3.486 3.92 8.122 3.92 13.916ZM428.716 148.163c-.322 0-.553-.074-.7-.221-.147-.147-.221-.377-.221-.699v-14.257c0-.322.074-.552.221-.699.147-.147.378-.221.7-.221h4.923c2.374 0 4.196.69 5.466 2.079 1.27 1.389 1.905 3.376 1.905 5.969 0 2.594-.635 4.581-1.905 5.97-1.261 1.389-3.092 2.079-5.466 2.079h-4.923Zm4.932-3.017c1.224 0 2.153-.433 2.788-1.288.626-.855.948-2.106.948-3.753 0-1.637-.313-2.888-.948-3.743-.626-.856-1.555-1.288-2.788-1.288h-2.273v10.072h2.273Zm11.861 3.017c-.322 0-.552-.074-.699-.221-.147-.147-.221-.377-.221-.699v-14.257c0-.322.074-.552.221-.699.147-.147.377-.221.699-.221h8.08c.248 0 .423.092.524.276.111.184.166.478.166.874v.708c0 .396-.055.69-.166.874-.11.184-.285.276-.524.276h-5.457v3.339h4.831c.249 0 .423.092.525.276.11.184.165.478.165.874v.717c0 .396-.055.69-.165.874-.102.184-.286.276-.525.276h-4.831v3.725h5.475c.249 0 .424.092.534.276.11.184.166.478.166.874v.717c0 .396-.056.69-.166.874-.11.184-.285.276-.534.276h-8.098v-.009Zm13.665.046c-.92 0-1.38-.249-1.38-.736v-14.487c0-.322.074-.552.221-.699.147-.147.377-.221.699-.221h4.831c1.445 0 2.715.35 3.819 1.049 1.105.699 1.657 2.023 1.657 3.992 0 1.352-.322 2.391-.967 3.136-.644.745-1.361 1.242-2.162 1.509-.801.257-1.5.395-2.117.395h-2.438v5.335c0 .488-.46.736-1.38.736h-.783v-.009Zm4.206-9.106c.552 0 1.021-.148 1.417-.442.396-.294.589-.809.589-1.564 0-.754-.193-1.278-.589-1.572-.396-.304-.865-.451-1.417-.451h-2.052v4.029h2.052Zm14.926 9.244c-2.117 0-3.755-.488-4.924-1.463-1.168-.975-1.748-2.345-1.748-4.102v-10.026c0-.488.46-.736 1.38-.736h.783c.92 0 1.38.248 1.38.736v9.796c0 .809.294 1.481.874 2.005.58.524 1.334.782 2.255.782.92 0 1.674-.258 2.263-.782s.884-1.186.884-2.005v-9.796c0-.488.46-.736 1.38-.736h.764c.92 0 1.38.248 1.38.736v10.026c0 1.766-.58 3.127-1.748 4.102-1.16.975-2.807 1.463-4.923 1.463Zm14.907-.138c-.92 0-1.38-.249-1.38-.736v-12.399h-3.663c-.248 0-.423-.092-.534-.276-.11-.184-.165-.478-.165-.874v-.708c0-.396.055-.69.165-.874.111-.184.286-.276.534-.276h10.886c.249 0 .424.092.534.276.11.184.156.478.156.874v.708c0 .396-.055.69-.156.874-.11.184-.285.276-.534.276h-3.662v12.399c0 .487-.46.736-1.38.736h-.801Zm7.997 0c-.939 0-1.408-.166-1.408-.506 0-.065.027-.202.092-.414l5.061-14.791c.119-.322.561-.478 1.316-.478h1.196c.764 0 1.205.166 1.307.478l5.061 14.791c.046.156.064.294.064.414 0 .34-.386.506-1.15.506h-1.012c-.755 0-1.178-.157-1.289-.479l-.92-2.805h-5.429l-.92 2.805c-.111.322-.46.479-1.058.479h-.911Zm7.343-6.329-1.316-4.093c-.111-.303-.221-.8-.341-1.471h-.092c-.018.092-.055.294-.101.607-.055.312-.138.607-.239.864l-1.362 4.093h3.451Zm8.825 6.283c-.322 0-.553-.074-.7-.221-.147-.147-.221-.377-.221-.699v-14.257c0-.322.074-.552.221-.699.147-.147.378-.221.7-.221h4.923c2.374 0 4.196.69 5.466 2.079 1.26 1.389 1.895 3.376 1.895 5.969 0 2.594-.635 4.581-1.895 5.97-1.261 1.389-3.092 2.079-5.466 2.079h-4.923Zm4.932-3.017c1.224 0 2.153-.433 2.788-1.288.626-.855.948-2.106.948-3.753 0-1.637-.313-2.888-.948-3.743-.626-.856-1.555-1.288-2.788-1.288h-2.273v10.072h2.273Zm17.613 3.201c-2.374 0-4.206-.709-5.476-2.125-1.269-1.417-1.914-3.459-1.914-6.108 0-2.649.635-4.691 1.914-6.107 1.27-1.417 3.102-2.125 5.476-2.125s4.196.708 5.466 2.125c1.27 1.416 1.895 3.458 1.895 6.107s-.635 4.691-1.895 6.108c-1.27 1.416-3.083 2.125-5.466 2.125Zm0-3.017c1.224 0 2.153-.442 2.779-1.334.625-.892.947-2.18.947-3.891 0-1.701-.312-2.989-.947-3.872-.626-.883-1.555-1.325-2.779-1.325s-2.163.442-2.798 1.325c-.635.883-.957 2.171-.957 3.872 0 1.702.322 2.999.957 3.891.635.892 1.574 1.334 2.798 1.334Zm21.431 2.833c-.322 0-.561-.074-.699-.221-.147-.147-.221-.377-.221-.699v-14.257c0-.322.074-.552.221-.699.147-.147.377-.221.699-.221h8.08c.248 0 .423.092.533.276.102.184.157.478.157.874v.708c0 .396-.055.69-.157.874-.11.184-.285.276-.533.276h-5.457v3.339h4.831c.248 0 .423.092.534.276.11.184.165.478.165.874v.717c0 .396-.055.69-.165.874-.111.184-.286.276-.534.276h-4.831v3.725h5.475c.249 0 .423.092.534.276.101.184.156.478.156.874v.717c0 .396-.055.69-.156.874-.111.184-.285.276-.534.276h-8.098v-.009Zm16.61.184c-1.086 0-2.043-.111-2.853-.322-.809-.212-1.454-.488-1.904-.828-.433-.294-.645-.58-.645-.874 0-.23.083-.506.258-.828.166-.322.368-.607.598-.855.23-.248.424-.368.571-.368.092 0 .303.092.644.276.488.248.938.441 1.334.579.396.138.865.212 1.399.212.598 0 1.113-.12 1.527-.359.424-.239.635-.653.635-1.251 0-.487-.193-.874-.589-1.159-.395-.285-1.021-.598-1.895-.956l-1.058-.46c-.967-.46-1.73-1.03-2.282-1.711-.553-.681-.829-1.656-.829-2.907 0-1.039.258-1.913.773-2.612.516-.699 1.187-1.214 2.016-1.545.828-.331 1.72-.497 2.668-.497.782 0 1.491.083 2.126.239.635.157 1.141.368 1.509.635.34.248.506.487.506.736 0 .211-.074.478-.212.809-.138.322-.303.607-.506.837-.202.239-.386.359-.552.359-.073 0-.202-.037-.377-.12-.175-.073-.322-.138-.451-.184-.552-.184-1.132-.276-1.73-.276-.801 0-1.353.129-1.666.396-.312.258-.469.561-.469.892 0 .396.111.727.322.994.212.257.479.469.782.634.304.166.755.368 1.353.635.874.368 1.592.717 2.144 1.049.552.331 1.031.809 1.436 1.425.405.617.607 1.417.607 2.383 0 1.177-.248 2.143-.745 2.897s-1.141 1.297-1.924 1.637c-.773.322-1.619.488-2.521.488Zm12.303-.138c-.92 0-1.38-.249-1.38-.736v-12.399h-3.663c-.248 0-.423-.092-.533-.276-.111-.184-.166-.478-.166-.874v-.708c0-.396.055-.69.166-.874.11-.184.285-.276.533-.276h10.887c.248 0 .423.092.524.276.11.184.166.478.166.874v.708c0 .396-.056.69-.166.874-.11.184-.285.276-.524.276h-3.663v12.399c0 .487-.46.736-1.38.736h-.801Zm7.997 0c-.939 0-1.408-.166-1.408-.506 0-.065.028-.202.092-.414l5.061-14.791c.12-.322.561-.478 1.316-.478h1.196c.764 0 1.206.166 1.307.478l5.061 14.791c.046.156.064.294.064.414 0 .34-.386.506-1.15.506h-1.012c-.755 0-1.178-.157-1.288-.479l-.921-2.805h-5.429l-.92 2.805c-.11.322-.46.479-1.058.479h-.911Zm7.343-6.329-1.316-4.093c-.11-.303-.221-.8-.34-1.471h-.092c-.019.092-.046.294-.102.607-.055.312-.138.607-.239.864l-1.352 4.093h3.441Zm8.825 6.283c-.322 0-.552-.074-.699-.221-.148-.147-.221-.377-.221-.699v-14.257c0-.322.073-.552.221-.699.147-.147.377-.221.699-.221h4.923c2.383 0 4.196.69 5.466 2.079 1.261 1.389 1.896 3.376 1.896 5.969 0 2.594-.635 4.581-1.896 5.97-1.27 1.389-3.083 2.079-5.466 2.079h-4.923Zm4.923-3.017c1.224 0 2.153-.433 2.788-1.288.626-.855.939-2.106.939-3.753 0-1.637-.313-2.888-.939-3.743-.626-.856-1.555-1.288-2.788-1.288h-2.273v10.072h2.273Zm17.392 3.201c-2.117 0-3.755-.488-4.923-1.463-1.169-.975-1.749-2.345-1.749-4.102v-10.026c0-.488.461-.736 1.381-.736h.782c.92 0 1.38.248 1.38.736v9.796c0 .809.295 1.481.874 2.005.589.524 1.335.782 2.255.782.92 0 1.675-.258 2.264-.782.589-.524.883-1.186.883-2.005v-9.796c0-.488.46-.736 1.38-.736h.764c.92 0 1.38.248 1.38.736v10.026c0 1.766-.579 3.127-1.748 4.102-1.169.975-2.807 1.463-4.923 1.463Zm10.389-.138c-.939 0-1.408-.166-1.408-.506 0-.065.028-.202.092-.414l5.061-14.791c.12-.322.562-.478 1.316-.478h1.196c.764 0 1.206.166 1.316.478l5.061 14.791c.046.156.074.294.074.414 0 .34-.386.506-1.15.506h-1.012c-.755 0-1.178-.157-1.289-.479l-.92-2.805h-5.429l-.92 2.805c-.111.322-.46.479-1.059.479h-.929Zm7.343-6.329-1.306-4.093c-.111-.303-.221-.8-.35-1.471h-.092c-.018.092-.046.294-.101.607-.056.312-.138.607-.24.864l-1.361 4.093h3.45Zm8.825 6.283c-.322 0-.552-.074-.699-.221-.148-.147-.221-.377-.221-.699v-14.487c0-.488.46-.736 1.38-.736h.782c.921 0 1.381.248 1.381.736v12.399h4.969c.248 0 .423.092.524.276.111.184.166.478.166.874v.717c0 .396-.055.69-.166.874-.101.184-.285.276-.524.276h-7.592v-.009ZM429.921 256.995c-1.509 0-2.264-.396-2.264-1.187v-23.409c0-.515.12-.901.359-1.131.239-.239.626-.35 1.15-.35h12.405c.405 0 .69.147.865.442.175.303.267.772.267 1.416v1.15c0 .644-.092 1.113-.267 1.417-.175.294-.46.441-.865.441h-8.107v5.427h7.84c.405 0 .69.147.865.442.175.294.267.763.267 1.407v1.15c0 .643-.092 1.113-.267 1.416-.175.294-.46.451-.865.451h-7.84v9.731c0 .791-.755 1.187-2.264 1.187h-1.279Zm23.502-.074c-.524 0-.911-.119-1.15-.349-.239-.239-.359-.616-.359-1.131v-23.033c0-.515.12-.901.359-1.131.239-.239.626-.35 1.15-.35h13.233c.405 0 .69.148.865.442.174.304.266.773.266 1.417v1.149c0 .644-.092 1.113-.266 1.417-.175.294-.47.441-.865.441h-8.936v5.39h7.914c.405 0 .69.148.865.442.175.294.267.763.267 1.416v1.15c0 .644-.092 1.113-.267 1.408-.175.294-.469.441-.865.441h-7.914v6.016h8.972c.405 0 .691.147.865.45.175.295.267.764.267 1.408v1.149c0 .644-.092 1.113-.267 1.408-.174.294-.469.45-.865.45h-13.269Zm26.364.074c-1.509 0-2.264-.396-2.264-1.187v-23.409c0-.515.12-.901.359-1.131.239-.239.626-.35 1.15-.35h7.353c6.257 0 9.386 2.327 9.386 6.991 0 1.389-.396 2.594-1.187 3.624-.791 1.03-1.868 1.794-3.221 2.281v.147c.479.175.966.589 1.473 1.242.496.653.92 1.38 1.242 2.171l3.313 8.177c.128.322.184.561.184.708 0 .221-.184.405-.562.534-.377.138-.938.202-1.693.202h-1.546c-1.233 0-1.96-.258-2.19-.782l-2.981-7.248c-.424-.819-.884-1.389-1.381-1.729-.487-.331-1.297-.497-2.429-.497h-1.472v9.069c0 .791-.755 1.187-2.264 1.187h-1.27Zm7.122-15.195c.783 0 1.464-.313 2.034-.929.58-.617.865-1.371.865-2.263 0-.865-.285-1.555-.847-2.06-.57-.506-1.334-.764-2.318-.764h-3.313v6.016h3.579Zm21.174 15.195c-1.509 0-2.263-.396-2.263-1.187v-23.777c0-.791.754-1.186 2.263-1.186h1.62c.598 0 1.104.064 1.509.202.405.138.727.405.985.8l8.484 12.896c.506.718.957 1.453 1.353 2.189l.147-.037c-.046-.57-.074-1.407-.074-2.529v-12.335c0-.791.755-1.186 2.264-1.186h1.095c1.509 0 2.264.395 2.264 1.186v23.777c0 .791-.755 1.187-2.264 1.187h-1.435c-.608 0-1.105-.064-1.51-.202-.404-.138-.727-.405-.984-.801l-8.669-13.079c-.506-.718-.957-1.454-1.361-2.19l-.148.037c.046.571.074 1.408.074 2.53v12.518c0 .791-.755 1.187-2.264 1.187h-1.086Zm29.834 0c-1.528 0-2.301-.276-2.301-.819 0-.101.046-.322.147-.671l8.291-23.888c.203-.524.921-.781 2.154-.781h1.96c1.26 0 1.969.257 2.144.781l8.291 23.888c.073.248.11.469.11.671 0 .543-.626.819-1.886.819h-1.657c-1.233 0-1.932-.258-2.107-.782l-1.509-4.535h-8.898l-1.51 4.535c-.174.524-.754.782-1.73.782h-1.499Zm12.027-10.21-2.144-6.613c-.175-.497-.369-1.288-.571-2.383h-.147c-.028.147-.083.479-.175.984-.092.506-.221.976-.396 1.389l-2.227 6.614h5.66v.009Zm18.938 10.21c-1.51 0-2.264-.396-2.264-1.187v-23.777c0-.791.754-1.186 2.264-1.186h1.619c.607 0 1.104.064 1.509.202.405.138.727.405.985.8l8.484 12.896c.506.718.957 1.453 1.362 2.189l.147-.037c-.055-.57-.073-1.407-.073-2.529v-12.335c0-.791.754-1.186 2.263-1.186h1.095c1.51 0 2.264.395 2.264 1.186v23.777c0 .791-.754 1.187-2.264 1.187h-1.435c-.607 0-1.104-.064-1.509-.202-.405-.138-.727-.405-.985-.801l-8.668-13.079c-.506-.718-.957-1.454-1.353-2.19l-.147.037c.046.571.073 1.408.073 2.53v12.518c0 .791-.754 1.187-2.263 1.187h-1.104Zm31.912-.074c-.524 0-.911-.119-1.15-.349-.239-.239-.359-.616-.359-1.131v-23.033c0-.515.12-.901.359-1.131.239-.239.626-.35 1.15-.35h8.061c3.893 0 6.883 1.123 8.954 3.367 2.07 2.244 3.11 5.455 3.11 9.64 0 4.185-1.04 7.404-3.11 9.639-2.071 2.245-5.061 3.367-8.954 3.367h-8.061v-.019Zm8.061-4.865c2.016 0 3.534-.69 4.565-2.079 1.03-1.389 1.545-3.403 1.545-6.062 0-2.649-.515-4.672-1.545-6.052-1.031-1.389-2.549-2.079-4.565-2.079h-3.736v16.272h3.736Zm23.429 4.865c-.525 0-.911-.119-1.15-.349-.24-.239-.359-.616-.359-1.131v-23.033c0-.515.119-.901.359-1.131.239-.239.625-.35 1.15-.35h13.232c.405 0 .691.148.865.442.175.304.267.773.267 1.417v1.149c0 .644-.083 1.113-.267 1.417-.174.294-.46.441-.865.441h-8.935v5.39h7.914c.405 0 .69.148.865.442.175.294.267.763.267 1.416v1.15c0 .644-.092 1.113-.267 1.408-.175.294-.46.441-.865.441h-7.914v6.016h8.972c.405 0 .69.147.865.45.175.295.267.764.267 1.408v1.149c0 .644-.092 1.113-.267 1.408-.175.294-.46.45-.865.45h-13.269Zm31.195.304c-1.785 0-3.34-.175-4.675-.524-1.334-.35-2.374-.791-3.128-1.334-.709-.469-1.059-.938-1.059-1.417 0-.368.138-.818.414-1.333.276-.525.608-.985.985-1.38.377-.396.69-.598.948-.598.147 0 .497.147 1.058.451.801.395 1.528.708 2.181.929.653.221 1.417.331 2.3.331.985 0 1.813-.193 2.513-.58.69-.386 1.039-1.057 1.039-2.023 0-.791-.322-1.417-.957-1.877-.644-.459-1.674-.975-3.11-1.545l-1.73-.745c-1.583-.745-2.825-1.665-3.736-2.769-.902-1.103-1.353-2.667-1.353-4.7 0-1.683.424-3.09 1.261-4.213.847-1.122 1.942-1.959 3.294-2.492 1.362-.534 2.816-.8 4.371-.8 1.279 0 2.448.128 3.488.386 1.04.257 1.868.598 2.466 1.021.552.395.828.791.828 1.186 0 .35-.11.782-.34 1.297-.23.525-.506.975-.828 1.352-.332.387-.626.58-.902.58-.129 0-.331-.064-.626-.184-.294-.129-.534-.221-.736-.294-.902-.295-1.85-.442-2.825-.442-1.307 0-2.218.212-2.733.635-.515.423-.773.901-.773 1.453 0 .644.175 1.178.524 1.601.35.423.783.763 1.28 1.021.506.257 1.242.597 2.226 1.021 1.436.597 2.605 1.159 3.506 1.692.902.534 1.694 1.297 2.356 2.3.672 1.002 1.003 2.281 1.003 3.844 0 1.904-.405 3.468-1.224 4.682-.819 1.214-1.868 2.097-3.147 2.64-1.288.552-2.678.828-4.159.828Z"
              fill="#fff"
              fill-rule="evenodd"
            />
            <defs>
              <lineargradient
                gradientUnits="userSpaceOnUse"
                id="a"
                x1="146.641"
                x2="113.212"
                y1="-11.6768"
                y2="88.656"
              >
                <stop
                  stop-color="#A5A7AA"
                />
                <stop
                  offset="1"
                  stop-color="#fff"
                />
              </lineargradient>
              <lineargradient
                gradientUnits="userSpaceOnUse"
                id="b"
                x1="150.119"
                x2="273.413"
                y1="105.184"
                y2="105.184"
              >
                <stop
                  stop-color="#A5A7AA"
                />
                <stop
                  offset=".0668"
                  stop-color="#B5B7BA"
                />
                <stop
                  offset=".2192"
                  stop-color="#D5D6D8"
                />
                <stop
                  offset=".3665"
                  stop-color="#ECEDED"
                />
                <stop
                  offset=".505"
                  stop-color="#FAFAFB"
                />
                <stop
                  offset=".6257"
                  stop-color="#fff"
                />
              </lineargradient>
              <lineargradient
                gradientUnits="userSpaceOnUse"
                id="c"
                x1=".021348"
                x2="106.277"
                y1="132.164"
                y2="132.164"
              >
                <stop
                  stop-color="#A5A7AA"
                />
                <stop
                  offset=".1868"
                  stop-color="#CCCDCF"
                />
                <stop
                  offset=".3585"
                  stop-color="#E8E8E9"
                />
                <stop
                  offset=".5085"
                  stop-color="#F9F9F9"
                />
                <stop
                  offset=".6201"
                  stop-color="#fff"
                />
              </lineargradient>
              <lineargradient
                gradientUnits="userSpaceOnUse"
                id="d"
                x1="217.391"
                x2="189.266"
                y1="267.205"
                y2="177.401"
              >
                <stop
                  stop-color="#A5A7AA"
                />
                <stop
                  offset="1"
                  stop-color="#fff"
                />
              </lineargradient>
              <lineargradient
                gradientUnits="userSpaceOnUse"
                id="e"
                x1="45.8043"
                x2="151.251"
                y1="220.339"
                y2="220.339"
              >
                <stop
                  stop-color="#A5A7AA"
                />
                <stop
                  offset=".8324"
                  stop-color="#fff"
                />
              </lineargradient>
            </defs>
          </svg>
        </div>
      </div>
      <div
        class="c4"
      >
        <div
          class="c5"
        >
          <a
            href="/cart"
          >
            <svg
              aria-hidden="true"
              aria-label="facebook"
              class="c6"
              fill="currentColor"
              focusable="false"
              viewBox="0 0 20 20"
              xmlns="http://www.w3.org/2000/svg"
            >
              <path
                d="M10 .4C4.698.4.4 4.698.4 10s4.298 9.6 9.6 9.6 9.6-4.298 9.6-9.6S15.302.4 10 .4zm2.274 6.634h-1.443c-.171 0-.361.225-.361.524V8.6h1.805l-.273 1.486H10.47v4.461H8.767v-4.461H7.222V8.6h1.545v-.874c0-1.254.87-2.273 2.064-2.273h1.443v1.581z"
              />
            </svg>
          </a>
        </div>
        <div
          class="c5"
        >
          <a
            href="/cart"
          >
            <svg
              aria-hidden="true"
              class="c6"
              fill="currentColor"
              focusable="false"
              viewBox="0 0 19 19"
              xmlns="http://www.w3.org/2000/svg"
            >
              <path
                d="M13.498 6.651a1.656 1.656 0 00-.95-.949 2.766 2.766 0 00-.928-.172c-.527-.024-.685-.03-2.02-.03s-1.493.006-2.02.03a2.766 2.766 0 00-.929.172 1.656 1.656 0 00-.949.95 2.766 2.766 0 00-.172.928c-.024.527-.03.685-.03 2.02s.006 1.493.03 2.02a2.766 2.766 0 00.172.929 1.656 1.656 0 00.95.949 2.766 2.766 0 00.928.172c.527.024.685.029 2.02.029s1.493-.005 2.02-.03a2.766 2.766 0 00.929-.171 1.656 1.656 0 00.949-.95 2.766 2.766 0 00.172-.928c.024-.527.029-.685.029-2.02s-.005-1.493-.03-2.02a2.766 2.766 0 00-.171-.929zM9.6 12.168A2.568 2.568 0 1112.168 9.6 2.568 2.568 0 019.6 12.168zm2.669-4.637a.6.6 0 11.6-.6.6.6 0 01-.6.6z"
              />
              <circle
                cx="9.6"
                cy="9.6"
                r="1.667"
              />
              <path
                d="M9.6 0a9.6 9.6 0 109.6 9.6A9.6 9.6 0 009.6 0zm4.97 11.661a3.67 3.67 0 01-.233 1.214 2.556 2.556 0 01-1.462 1.462 3.67 3.67 0 01-1.213.233c-.534.024-.704.03-2.062.03s-1.528-.006-2.062-.03a3.67 3.67 0 01-1.213-.233 2.556 2.556 0 01-1.462-1.462 3.67 3.67 0 01-.233-1.213c-.024-.534-.03-.704-.03-2.062s.006-1.528.03-2.062a3.67 3.67 0 01.232-1.213 2.556 2.556 0 011.463-1.463 3.67 3.67 0 011.213-.232c.534-.024.704-.03 2.062-.03s1.528.006 2.062.03a3.67 3.67 0 011.213.232 2.556 2.556 0 011.462 1.463 3.67 3.67 0 01.233 1.213c.024.534.03.704.03 2.062s-.006 1.528-.03 2.062z"
              />
            </svg>
          </a>
        </div>
        <div
          class="c5"
        >
          <a
            href="/cart"
          >
            <svg
              aria-hidden="true"
              class="c6"
              fill="currentColor"
              focusable="false"
              viewBox="0 0 20 20"
              xmlns="http://www.w3.org/2000/svg"
            >
              <path
                d="M10 .4C4.698.4.4 4.698.4 10s4.298 9.6 9.6 9.6 9.6-4.298 9.6-9.6S15.302.4 10 .4zm3.905 7.864c.004.082.005.164.005.244 0 2.5-1.901 5.381-5.379 5.381a5.335 5.335 0 01-2.898-.85c.147.018.298.025.451.025.886 0 1.701-.301 2.348-.809a1.895 1.895 0 01-1.766-1.312 1.9 1.9 0 00.853-.033 1.892 1.892 0 01-1.517-1.854v-.023c.255.141.547.227.857.237a1.89 1.89 0 01-.585-2.526 5.376 5.376 0 003.897 1.977 1.891 1.891 0 013.222-1.725 3.797 3.797 0 001.2-.459 1.9 1.9 0 01-.831 1.047 3.799 3.799 0 001.086-.299 3.834 3.834 0 01-.943.979z"
              />
            </svg>
          </a>
        </div>
      </div>
    </div>
    <div
      class="c1"
    >
      <a>
        Início
      </a>
      <a>
        Notícias
      </a>
      <a>
        Mídia
      </a>
      <a>
        Transparência
      </a>
      <a>
        Propostas
      </a>
      <a>
        Contato
      </a>
      <a>
        Pronunciamentos
      </a>
      <a>
        Gabinete: (51) 3210.2470
      </a>
    </div>
    <div
      class="c1"
    >
      <h2
        class="c7"
        color="white"
      >
        Links Importantes
      </h2>
      <a>
        ptsul.org.br
      </a>
      <a>
        gov.br
      </a>
      <a>
        pt.org.br
      </a>
      <a>
        democraciasocialista.org.br
      </a>
      <a>
        marchamulheres.wordpress.com
      </a>
    </div>
  </div>
  <div
    class="c8"
  >
    Deputado Jeferson Fernandes 2022 © All rights reserved.
  </div>
</main>
`
