// Jest Snapshot v1, https://goo.gl/fbAQLP

exports[`<TextField /> should render the heading 1`] = `
.c0 {
  display: -webkit-box;
  display: -webkit-flex;
  display: -ms-flexbox;
  display: flex;
  -webkit-align-items: center;
  -webkit-box-align: center;
  -ms-flex-align: center;
  align-items: center;
  background: #EAEAEA;
  border-radius: 1rem;
  padding: 0 1.6rem;
  border: 0.2rem solid;
  border-color: #EAEAEA;
}

.c0:focus-within {
  box-shadow: 0 0 0.5rem #EC6330;
}

.c1 {
  color: #030517;
  font-family: Poppins,-apple-system,BlinkMacSystemFont,'Segoe UI',Roboto,Oxygen,Ubuntu,Cantarell,'Open Sans','Helvetica Neue',sans-serif;
  font-size: 1.6rem;
  padding: 0.8rem 0;
  padding-left: 1.6rem;
  background: transparent;
  border: 0;
  outline: none;
  width: 100%;
}

.c1:-webkit-autofill {
  -webkit-box-shadow: 0 0 0 2.4rem #EAEAEA inset;
  -webkit-filter: none;
  filter: none;
}

.c1:-webkit-autofill::first-line {
  font-family: Poppins,-apple-system,BlinkMacSystemFont,'Segoe UI',Roboto,Oxygen,Ubuntu,Cantarell,'Open Sans','Helvetica Neue',sans-serif;
  font-size: 1.6rem;
}

<div
  class=""
>
  <div
    class="c0"
  >
    <input
      class="c1"
      type="text"
      value=""
    />
  </div>
</div>
`
